error: couldn't read `/dev/mem`: Permission denied (os error 13)
 --> tests/trybuild/include_str_missing_permissions.rs:2:5
  |
2 |     include_optional::include_str_optional!("/dev/mem");
  |     ^^^^^^^^^^^^^^^^^^^^^^^^^^^^^^^^^^^^^^^^^^^^^^^^^^^
